chain net#natstandby
n1 = seed 10 id 0632c75d wg 8.8.8.10:51820
n2 = seed 20 id 6f94ba26 wg 8.8.8.20:51820
n3 = seed 30 id 15f56b3f wg endpoint-less
@1000   n1 ** start
@1000   n1 <- Retarget(ep=1 members=[n1,n2] standbys=[n3] view=1 persisted=no)
        n1 -> MeshSend(to=n2 Record(n1#1000 ep=1))
           -- dropped: n2 is down
        n1 -> MeshSend(to=n3 Record(n1#1000 ep=1))
           -- dropped: n3 is down
@1000   n2 ** start
@1000   n2 <- Retarget(ep=1 members=[n1,n2] standbys=[n3] view=1 persisted=no)
        n2 -> MeshSend(to=n1 Record(n2#1000 ep=1))
        n2 -> MeshSend(to=n3 Record(n2#1000 ep=1))
           -- dropped: n3 is down
@1000   n3 ** start
@1000   n3 <- Retarget(ep=1 members=[n1,n2] standbys=[n3] view=1 persisted=no)
        n3 -> MeshSend(to=n1 Record(n3#1000 ep=1))
        n3 -> MeshSend(to=n2 Record(n3#1000 ep=1))
@1010   n1 <- Deliver(from=n2 Record(n2#1000 ep=1))
        n1 -> MeshSend(to=n2 Record(n1#1000 ep=1))
        n1 -> Observe(ControlEndpointObserved n2 8.8.8.20:443)
        n1 -> MeshSend(to=n3 Record(n2#1000 ep=1))
        n1 -> MeshSend(to=n2 Advert(n1#1000 v=7f853092))
@1010   n1 <- Deliver(from=n3 Record(n3#1000 ep=1))
        n1 -> Observe(ControlEndpointObserved n3 8.8.8.30:443)
        n1 -> MeshSend(to=n3 Record(n1#1000 ep=1))
        n1 -> MeshSend(to=n3 Advert(n1#1000 v=7f853092))
        n1 -> MeshSend(to=n2 Record(n3#1000 ep=1))
@1010   n2 <- Deliver(from=n3 Record(n3#1000 ep=1))
        n2 -> Observe(ControlEndpointObserved n3 8.8.8.30:443)
        n2 -> MeshSend(to=n3 Record(n2#1000 ep=1))
        n2 -> MeshSend(to=n1 Record(n3#1000 ep=1))
@1020   n2 <- Deliver(from=n1 Record(n1#1000 ep=1))
        n2 -> MeshSend(to=n1 Record(n2#1000 ep=1))
        n2 -> Observe(ControlEndpointObserved n1 8.8.8.10:443)
        n2 -> MeshSend(to=n3 Record(n1#1000 ep=1))
        n2 -> MeshSend(to=n1 Advert(n2#1000 v=7f853092))
@1020   n3 <- Deliver(from=n1 Record(n2#1000 ep=1))
        n3 -> Observe(ControlEndpointObserved n2 8.8.8.20:443)
        n3 -> ResolveStart(req=1 peer=n2 advertised=8.8.8.20:51820)
@1020   n2 <- Deliver(from=n1 Advert(n1#1000 v=7f853092))
        n2 -> MeshSend(to=n1 Advert(n2#1000 v=7f853092))
        n2 -> MeshSend(to=n3 Advert(n1#1000 v=7f853092))
        n2 -> Observe(MeshReady ep=1 v=7f853092)
@1020   n3 <- Deliver(from=n1 Record(n1#1000 ep=1))
        n3 -> Observe(ControlEndpointObserved n1 8.8.8.10:443)
        n3 -> ResolveStart(req=2 peer=n1 advertised=8.8.8.10:51820)
@1020   n3 <- Deliver(from=n1 Advert(n1#1000 v=7f853092))
@1020   n2 <- Deliver(from=n1 Record(n3#1000 ep=1))
@1020   n3 <- Deliver(from=n2 Record(n2#1000 ep=1))
@1020   n1 <- Deliver(from=n2 Record(n3#1000 ep=1))
@1030   n1 <- Deliver(from=n2 Record(n2#1000 ep=1))
@1030   n3 <- Deliver(from=n2 Record(n1#1000 ep=1))
@1030   n1 <- Deliver(from=n2 Advert(n2#1000 v=7f853092))
        n1 -> MeshSend(to=n2 Advert(n1#1000 v=7f853092))
        n1 -> MeshSend(to=n3 Advert(n2#1000 v=7f853092))
        n1 -> Observe(MeshReady ep=1 v=7f853092)
        n1 -> ResolveStart(req=1 peer=n2 advertised=8.8.8.20:51820)
        n1 -> MeshSend(to=n2 Request(n1->n2 #1001))
@1030   n1 <- Deliver(from=n2 Advert(n2#1000 v=7f853092))
@1030   n3 <- Deliver(from=n2 Advert(n1#1000 v=7f853092))
@1040   n2 <- Deliver(from=n1 Advert(n1#1000 v=7f853092))
@1040   n3 <- Deliver(from=n1 Advert(n2#1000 v=7f853092))
@1040   n2 <- Deliver(from=n1 Request(n1->n2 #1001))
        n2 -> ResolveStart(req=1 peer=n1 advertised=8.8.8.10:51820)
        n2 -> MeshSend(to=n1 Response(n2->n1 req=a828a262))
@1050   n1 <- Deliver(from=n2 Response(n2->n1 req=a828a262))
        n1 -> MeshSend(to=n2 Ack(req=a828a262 resp=776527d2))
        n1 -> WgApply(req=2 up peers=[n3@- ka=25, n2@8.8.8.20:51820 ka=25])
@1050   n1 <- WgApplied(req=2 ok)
        n1 -> Observe(TunnelsApplied ep=1 peers=1)
        n1 -> Observe(StandbyTunnelsApplied ep=1 peers=1)
@1060   n2 <- Deliver(from=n1 Ack(req=a828a262 resp=776527d2))
        n2 -> WgApply(req=2 up peers=[n1@8.8.8.10:51820 ka=25, n3@- ka=25])
@1060   n2 <- WgApplied(req=2 ok)
        n2 -> Observe(TunnelsApplied ep=1 peers=1)
        n2 -> Observe(StandbyTunnelsApplied ep=1 peers=1)
@1070   n3 <- Resolved(req=1 advertised)
        n3 -> WgApply(req=3 up peers=[n2@8.8.8.20:51820 ka=25])
@1070   n3 <- WgApplied(req=3 ok)
        n3 -> Observe(StandbyTunnelsApplied ep=1 peers=1)
@1070   n3 <- Resolved(req=2 advertised)
        n3 -> WgApply(req=4 update peers=[n1@8.8.8.10:51820 ka=25, n2@8.8.8.20:51820 ka=25])
@1070   n3 <- WgApplied(req=4 ok)
        n3 -> Observe(StandbyTunnelsApplied ep=1 peers=2)
@1080   n1 <- Resolved(req=1 advertised)
@1090   n2 <- Resolved(req=1 advertised)
@3090   n1 <- Nudge
        n1 -> MeshSend(to=n3 Record(n1#1000 ep=1))
        n1 -> MeshSend(to=n3 Record(n2#1000 ep=1))
        n1 -> MeshSend(to=n3 Advert(n1#1000 v=7f853092))
        n1 -> MeshSend(to=n3 Advert(n2#1000 v=7f853092))
        n1 -> MeshSend(to=n2 Record(n3#1000 ep=1))
        n1 -> MeshSend(to=n2 Record(n1#1000 ep=1))
        n1 -> MeshSend(to=n2 Advert(n1#1000 v=7f853092))
@3090   n2 <- Nudge
        n2 -> MeshSend(to=n3 Record(n1#1000 ep=1))
        n2 -> MeshSend(to=n3 Record(n2#1000 ep=1))
        n2 -> MeshSend(to=n3 Advert(n1#1000 v=7f853092))
        n2 -> MeshSend(to=n3 Advert(n2#1000 v=7f853092))
        n2 -> MeshSend(to=n1 Record(n3#1000 ep=1))
        n2 -> MeshSend(to=n1 Record(n2#1000 ep=1))
        n2 -> MeshSend(to=n1 Advert(n2#1000 v=7f853092))
@3090   n3 <- Nudge
        n3 -> MeshSend(to=n1 Record(n3#1000 ep=1))
        n3 -> MeshSend(to=n2 Record(n3#1000 ep=1))
@3100   n3 <- Deliver(from=n1 Record(n1#1000 ep=1))
@3100   n3 <- Deliver(from=n1 Record(n2#1000 ep=1))
@3100   n3 <- Deliver(from=n1 Advert(n1#1000 v=7f853092))
@3100   n3 <- Deliver(from=n1 Advert(n2#1000 v=7f853092))
@3100   n2 <- Deliver(from=n1 Record(n3#1000 ep=1))
@3100   n2 <- Deliver(from=n1 Record(n1#1000 ep=1))
@3100   n2 <- Deliver(from=n1 Advert(n1#1000 v=7f853092))
@3100   n3 <- Deliver(from=n2 Record(n1#1000 ep=1))
@3100   n3 <- Deliver(from=n2 Record(n2#1000 ep=1))
@3100   n3 <- Deliver(from=n2 Advert(n1#1000 v=7f853092))
@3100   n3 <- Deliver(from=n2 Advert(n2#1000 v=7f853092))
@3100   n1 <- Deliver(from=n2 Record(n3#1000 ep=1))
@3100   n1 <- Deliver(from=n2 Record(n2#1000 ep=1))
@3100   n1 <- Deliver(from=n2 Advert(n2#1000 v=7f853092))
@3100   n1 <- Deliver(from=n3 Record(n3#1000 ep=1))
@3100   n2 <- Deliver(from=n3 Record(n3#1000 ep=1))
@5090   n1 <- Nudge
        n1 -> MeshSend(to=n3 Record(n1#1000 ep=1))
        n1 -> MeshSend(to=n3 Record(n2#1000 ep=1))
        n1 -> MeshSend(to=n3 Advert(n1#1000 v=7f853092))
        n1 -> MeshSend(to=n3 Advert(n2#1000 v=7f853092))
        n1 -> MeshSend(to=n2 Record(n3#1000 ep=1))
@5090   n2 <- Nudge
        n2 -> MeshSend(to=n3 Record(n1#1000 ep=1))
        n2 -> MeshSend(to=n3 Record(n2#1000 ep=1))
        n2 -> MeshSend(to=n3 Advert(n1#1000 v=7f853092))
        n2 -> MeshSend(to=n3 Advert(n2#1000 v=7f853092))
        n2 -> MeshSend(to=n1 Record(n3#1000 ep=1))
@5090   n3 <- Nudge
        n3 -> MeshSend(to=n1 Record(n3#1000 ep=1))
        n3 -> MeshSend(to=n2 Record(n3#1000 ep=1))
@5100   n3 <- Deliver(from=n1 Record(n1#1000 ep=1))
@5100   n3 <- Deliver(from=n1 Record(n2#1000 ep=1))
@5100   n3 <- Deliver(from=n1 Advert(n1#1000 v=7f853092))
@5100   n3 <- Deliver(from=n1 Advert(n2#1000 v=7f853092))
@5100   n2 <- Deliver(from=n1 Record(n3#1000 ep=1))
@5100   n3 <- Deliver(from=n2 Record(n1#1000 ep=1))
@5100   n3 <- Deliver(from=n2 Record(n2#1000 ep=1))
@5100   n3 <- Deliver(from=n2 Advert(n1#1000 v=7f853092))
@5100   n3 <- Deliver(from=n2 Advert(n2#1000 v=7f853092))
@5100   n1 <- Deliver(from=n2 Record(n3#1000 ep=1))
@5100   n1 <- Deliver(from=n3 Record(n3#1000 ep=1))
@5100   n2 <- Deliver(from=n3 Record(n3#1000 ep=1))
@5100   n1 <- Retarget(ep=2 members=[n1,n2] standbys=[n3] view=100 persisted=no)
        n1 -> MeshSend(to=n2 Record(n1#5100 ep=2))
        n1 -> MeshSend(to=n3 Record(n1#5100 ep=2))
           -- dropped to n3: partitioned
@5100   n2 <- Retarget(ep=2 members=[n1,n2] standbys=[n3] view=100 persisted=no)
        n2 -> MeshSend(to=n1 Record(n2#5100 ep=2))
        n2 -> MeshSend(to=n3 Record(n2#5100 ep=2))
           -- dropped to n3: partitioned
@5100   n3 <- Retarget(ep=2 members=[n1,n2] standbys=[n3] view=100 persisted=no)
        n3 -> MeshSend(to=n1 Record(n3#5100 ep=2))
           -- dropped to n1: partitioned
        n3 -> MeshSend(to=n2 Record(n3#5100 ep=2))
           -- dropped to n2: partitioned
@5110   n2 <- Deliver(from=n1 Record(n1#5100 ep=2))
        n2 -> MeshSend(to=n1 Record(n2#5100 ep=2))
        n2 -> MeshSend(to=n3 Record(n1#5100 ep=2))
           -- dropped to n3: partitioned
        n2 -> MeshSend(to=n1 Advert(n2#5100 v=4a06d04f))
@5110   n1 <- Deliver(from=n2 Record(n2#5100 ep=2))
        n1 -> MeshSend(to=n2 Record(n1#5100 ep=2))
        n1 -> MeshSend(to=n3 Record(n2#5100 ep=2))
           -- dropped to n3: partitioned
        n1 -> MeshSend(to=n2 Advert(n1#5100 v=4a06d04f))
@5120   n1 <- Deliver(from=n2 Record(n2#5100 ep=2))
@5120   n1 <- Deliver(from=n2 Advert(n2#5100 v=4a06d04f))
        n1 -> MeshSend(to=n2 Advert(n1#5100 v=4a06d04f))
        n1 -> MeshSend(to=n3 Advert(n2#5100 v=4a06d04f))
           -- dropped to n3: partitioned
        n1 -> Observe(MeshReady ep=2 v=4a06d04f)
        n1 -> ResolveStart(req=3 peer=n2 advertised=8.8.8.20:51820)
        n1 -> MeshSend(to=n2 Request(n1->n2 #5101))
@5120   n2 <- Deliver(from=n1 Record(n1#5100 ep=2))
@5120   n2 <- Deliver(from=n1 Advert(n1#5100 v=4a06d04f))
        n2 -> MeshSend(to=n1 Advert(n2#5100 v=4a06d04f))
        n2 -> MeshSend(to=n3 Advert(n1#5100 v=4a06d04f))
           -- dropped to n3: partitioned
        n2 -> Observe(MeshReady ep=2 v=4a06d04f)
@5130   n2 <- Deliver(from=n1 Advert(n1#5100 v=4a06d04f))
@5130   n2 <- Deliver(from=n1 Request(n1->n2 #5101))
        n2 -> ResolveStart(req=3 peer=n1 advertised=8.8.8.10:51820)
        n2 -> MeshSend(to=n1 Response(n2->n1 req=f6d8955f))
@5130   n1 <- Deliver(from=n2 Advert(n2#5100 v=4a06d04f))
@5140   n1 <- Deliver(from=n2 Response(n2->n1 req=f6d8955f))
        n1 -> MeshSend(to=n2 Ack(req=f6d8955f resp=222ad8c5))
        n1 -> WgApply(req=4 update peers=[n3@- ka=25, n2@8.8.8.20:51820 ka=25])
@5140   n1 <- WgApplied(req=4 ok)
        n1 -> Observe(TunnelsApplied ep=2 peers=1)
        n1 -> Observe(StandbyTunnelsApplied ep=2 peers=1)
@5150   n2 <- Deliver(from=n1 Ack(req=f6d8955f resp=222ad8c5))
        n2 -> WgApply(req=4 update peers=[n1@8.8.8.10:51820 ka=25, n3@- ka=25])
@5150   n2 <- WgApplied(req=4 ok)
        n2 -> Observe(TunnelsApplied ep=2 peers=1)
        n2 -> Observe(StandbyTunnelsApplied ep=2 peers=1)
@5170   n1 <- Resolved(req=3 advertised)
@5180   n2 <- Resolved(req=3 advertised)
@7180   n1 <- Nudge
        n1 -> MeshSend(to=n3 Record(n1#5100 ep=2))
           -- dropped to n3: partitioned
        n1 -> MeshSend(to=n3 Record(n2#5100 ep=2))
           -- dropped to n3: partitioned
        n1 -> MeshSend(to=n3 Advert(n1#5100 v=4a06d04f))
           -- dropped to n3: partitioned
        n1 -> MeshSend(to=n3 Advert(n2#5100 v=4a06d04f))
           -- dropped to n3: partitioned
        n1 -> MeshSend(to=n2 Record(n3#1000 ep=1))
        n1 -> MeshSend(to=n2 Record(n1#5100 ep=2))
        n1 -> MeshSend(to=n2 Advert(n1#5100 v=4a06d04f))
@7180   n2 <- Nudge
        n2 -> MeshSend(to=n3 Record(n1#5100 ep=2))
           -- dropped to n3: partitioned
        n2 -> MeshSend(to=n3 Record(n2#5100 ep=2))
           -- dropped to n3: partitioned
        n2 -> MeshSend(to=n3 Advert(n1#5100 v=4a06d04f))
           -- dropped to n3: partitioned
        n2 -> MeshSend(to=n3 Advert(n2#5100 v=4a06d04f))
           -- dropped to n3: partitioned
        n2 -> MeshSend(to=n1 Record(n3#1000 ep=1))
        n2 -> MeshSend(to=n1 Record(n2#5100 ep=2))
        n2 -> MeshSend(to=n1 Advert(n2#5100 v=4a06d04f))
@7180   n3 <- Nudge
        n3 -> MeshSend(to=n1 Record(n3#5100 ep=2))
           -- dropped to n1: partitioned
        n3 -> MeshSend(to=n2 Record(n3#5100 ep=2))
           -- dropped to n2: partitioned
@7190   n2 <- Deliver(from=n1 Record(n3#1000 ep=1))
@7190   n2 <- Deliver(from=n1 Record(n1#5100 ep=2))
@7190   n2 <- Deliver(from=n1 Advert(n1#5100 v=4a06d04f))
@7190   n1 <- Deliver(from=n2 Record(n3#1000 ep=1))
@7190   n1 <- Deliver(from=n2 Record(n2#5100 ep=2))
@7190   n1 <- Deliver(from=n2 Advert(n2#5100 v=4a06d04f))
@9180   n1 <- Nudge
        n1 -> MeshSend(to=n3 Record(n1#5100 ep=2))
           -- dropped to n3: partitioned
        n1 -> MeshSend(to=n3 Record(n2#5100 ep=2))
           -- dropped to n3: partitioned
        n1 -> MeshSend(to=n3 Advert(n1#5100 v=4a06d04f))
           -- dropped to n3: partitioned
        n1 -> MeshSend(to=n3 Advert(n2#5100 v=4a06d04f))
           -- dropped to n3: partitioned
        n1 -> MeshSend(to=n2 Record(n3#1000 ep=1))
@9180   n2 <- Nudge
        n2 -> MeshSend(to=n3 Record(n1#5100 ep=2))
           -- dropped to n3: partitioned
        n2 -> MeshSend(to=n3 Record(n2#5100 ep=2))
           -- dropped to n3: partitioned
        n2 -> MeshSend(to=n3 Advert(n1#5100 v=4a06d04f))
           -- dropped to n3: partitioned
        n2 -> MeshSend(to=n3 Advert(n2#5100 v=4a06d04f))
           -- dropped to n3: partitioned
        n2 -> MeshSend(to=n1 Record(n3#1000 ep=1))
@9180   n3 <- Nudge
        n3 -> MeshSend(to=n1 Record(n3#5100 ep=2))
           -- dropped to n1: partitioned
        n3 -> MeshSend(to=n2 Record(n3#5100 ep=2))
           -- dropped to n2: partitioned
@9190   n2 <- Deliver(from=n1 Record(n3#1000 ep=1))
@9190   n1 <- Deliver(from=n2 Record(n3#1000 ep=1))
